// Jest Snapshot v1, https://goo.gl/fbAQLP

exports[`should synthesize with valid definition 1`] = `
"# Generated by karfia-docker-compose, do not edit manually.
# Karfia Version: 0.0.0
# Definition ID: eip155:1337/ganache:7.9.1
# Definition Name: Ganache
# Definition CAIP-2: eip155:1337

name: eip155_1337_ganache_7_9_1
services:
  karfia-agent:
    container_name: karfia-agent-\${KARFIA_DEPLOYMENT_ID}
    image: ghcr.io/fuxingloh/karfia-agent:0.0.0
    ports:
      - '0:1194'
    environment:
      KARFIA_DEFINITION_JSON: >-
        {"id":"eip155:1337/ganache:7.9.1","caip2":"eip155:1337","name":"Ganache","environment":{"RPC_USER":{"type":"RandomBytes","length":16,"encoding":"hex"},"RPC_PASSWORD":{"type":"RandomBytes","length":16,"encoding":"hex"},"URL":{"type":"Expansion","value":"http://$\${RPC_USER}:$\${RPC_PASSWORD}@ganache:8554"}},"containers":{"ganache":{"image":"docker.io/trufflesuite/ganache@sha256:c62c58290c28e24b427f74c6f597ff696257bd2d8e8d517ce4cf46b29b304a3f","source":"https://github.com/trufflesuite/ganache","environment":{"RPCUSER":{"key":"RPC_USER"},"RPCPASSWORD":{"key":"RPC_PASSWORD"}},"resources":{"cpu":0.25,"memory":256},"endpoints":{"p2p":{"port":8555},"rpc":{"port":8545,"protocol":"HTTP
        JSON-RPC
        2.0","authorization":{"type":"HttpBasic","username":{"key":"RPC_USER"},"password":{"key":"RPC_PASSWORD"}},"probes":{"readiness":{"params":[],"method":"eth_blockNumber","match":{"result":{"type":"string"}}}}}},"volumes":{"persistent":{"paths":["/.ganache"],"size":{"initial":"1G","from":"2024-01-01","growth":"1G","rate":"yearly"}}}}}}
      KARFIA_DEPLOYMENT_ID: \${KARFIA_DEPLOYMENT_ID}
      KARFIA_ENVIRONMENT_RPC_USER: \${RPC_USER}
      KARFIA_ENVIRONMENT_RPC_PASSWORD: \${RPC_PASSWORD}
      KARFIA_ENVIRONMENT_URL: \${URL}
    volumes:
      - type: volume
        source: karfia
        target: /var/karfia
    networks:
      karfia: {}
  ganache:
    container_name: ganache-\${KARFIA_DEPLOYMENT_ID}
    image: docker.io/trufflesuite/ganache@sha256:c62c58290c28e24b427f74c6f597ff696257bd2d8e8d517ce4cf46b29b304a3f
    environment:
      RPCUSER: \${RPC_USER}
      RPCPASSWORD: \${RPC_PASSWORD}
    ports:
      - '0:8555'
      - '0:8545'
    volumes:
      - type: volume
        source: karfia
        target: /var/karfia
      - type: volume
        target: /.ganache
    networks:
      karfia: {}
networks:
  karfia: {}
volumes:
  karfia: {}
"
`;
