// Jest Snapshot v1, https://goo.gl/fbAQLP

exports[`should synthesize with valid chainfile 1`] = `
"# Generated by chainfile-docker, do not edit manually.
# Chainfile Version: 0.0.0
# Chainfile ID: eip155:1337/ganache:7.9.1
# Chainfile Name: Ganache
# Chainfile CAIP-2: eip155:1337

name: eip155_1337_ganache_7_9_1
services:
  chainfile-agent:
    container_name: chainfile-agent-\${CHAINFILE_DEPLOYMENT_ID}
    image: ghcr.io/vetumorg/chainfile-agent:0.0.0
    ports:
      - '0:1503'
    environment:
      CHAINFILE_JSON: >-
        {"id":"eip155:1337/ganache:7.9.1","caip2":"eip155:1337","name":"Ganache","env":{"RPC_USER":{"type":"RandomBytes","length":16,"encoding":"hex"},"RPC_PASSWORD":{"type":"RandomBytes","length":16,"encoding":"hex"},"URL":{"type":"Value","value":"http://$\${RPC_USER}:$\${RPC_PASSWORD}@ganache:8554"}},"containers":{"ganache":{"image":"docker.io/trufflesuite/ganache@sha256:c62c58290c28e24b427f74c6f597ff696257bd2d8e8d517ce4cf46b29b304a3f","source":"https://github.com/trufflesuite/ganache","environment":{"RPCUSER":{"key":"RPC_USER"},"RPCPASSWORD":{"key":"RPC_PASSWORD"}},"resources":{"cpu":0.25,"memory":256},"endpoints":{"p2p":{"port":8555},"rpc":{"port":8545,"protocol":"HTTP
        JSON-RPC
        2.0","authorization":{"type":"HttpBasic","username":{"key":"RPC_USER"},"password":{"key":"RPC_PASSWORD"}},"probes":{"readiness":{"params":[],"method":"eth_blockNumber","match":{"result":{"type":"string"}}}}}},"volumes":{"persistent":{"paths":["/.ganache"],"size":{"initial":"1G","from":"2024-01-01","growth":"1G","rate":"yearly"}}}}}}
      CHAINFILE_DEPLOYMENT_ID: \${CHAINFILE_DEPLOYMENT_ID}
      CHAINFILE_ENVIRONMENT_RPC_USER: \${RPC_USER}
      CHAINFILE_ENVIRONMENT_RPC_PASSWORD: \${RPC_PASSWORD}
      CHAINFILE_ENVIRONMENT_URL: \${URL}
    volumes:
      - type: volume
        source: chainfile
        target: /var/chainfile
    networks:
      chainfile: {}
  ganache:
    container_name: ganache-\${CHAINFILE_DEPLOYMENT_ID}
    image: docker.io/trufflesuite/ganache@sha256:c62c58290c28e24b427f74c6f597ff696257bd2d8e8d517ce4cf46b29b304a3f
    environment:
      RPCUSER: \${RPC_USER}
      RPCPASSWORD: \${RPC_PASSWORD}
    ports:
      - '0:8555'
      - '0:8545'
    volumes:
      - type: volume
        source: chainfile
        target: /var/chainfile
      - type: volume
        target: /.ganache
    networks:
      chainfile: {}
networks:
  chainfile: {}
volumes:
  chainfile: {}
"
`;
