// Jest Snapshot v1, https://goo.gl/fbAQLP

exports[`bitcoin_mainnet.json should synth bitcoin_mainnet.json and match snapshot 1`] = `
[
  {
    "apiVersion": "v1",
    "kind": "Secret",
    "metadata": {
      "labels": {
        "bitcoind": "true",
        "caip2": "bip122.000000000019d6689c085ae165831e93",
      },
      "name": "bitcoin_mainnet.json-secret-c89840a1",
    },
    "stringData": {
      "CHAINFILE_PARAMS": "{"rpc_user":"user","rpc_password":"pass"}",
      "rpc_password": "pass",
      "rpc_user": "user",
    },
    "type": "Opaque",
  },
  {
    "apiVersion": "v1",
    "kind": "Service",
    "metadata": {
      "labels": {
        "bitcoind": "true",
        "caip2": "bip122.000000000019d6689c085ae165831e93",
      },
      "name": "bitcoin_mainnet.json-service-c8c0db95",
    },
    "spec": {
      "ports": [
        {
          "name": "http",
          "port": 80,
          "targetPort": 8332,
        },
      ],
      "selector": {
        "bitcoind": "true",
        "caip2": "bip122.000000000019d6689c085ae165831e93",
      },
      "type": "LoadBalancer",
    },
  },
  {
    "apiVersion": "apps/v1",
    "kind": "StatefulSet",
    "metadata": {
      "labels": {
        "bitcoind": "true",
        "caip2": "bip122.000000000019d6689c085ae165831e93",
      },
      "name": "bitcoin_mainnet.json-stateful-set-c8a4e78e",
    },
    "spec": {
      "replicas": 2,
      "selector": {
        "matchLabels": {
          "bitcoind": "true",
          "caip2": "bip122.000000000019d6689c085ae165831e93",
        },
      },
      "serviceName": "bitcoin_mainnet.json-service-c8c0db95",
      "template": {
        "metadata": {
          "labels": {
            "bitcoind": "true",
            "caip2": "bip122.000000000019d6689c085ae165831e93",
          },
        },
        "spec": {
          "containers": [
            {
              "env": [
                {
                  "name": "CHAINFILE_JSON",
                  "value": "{"caip2":"bip122:000000000019d6689c085ae165831e93","name":"Bitcoin Mainnet","params":{"rpc_user":{"description":"Username for RPC authentication","secret":true,"default":{"random":{"bytes":16,"encoding":"hex"}}},"rpc_password":{"description":"Password for RPC authentication","secret":true,"default":{"random":{"bytes":16,"encoding":"hex"}}}},"volumes":{"data":{"type":"persistent","size":"600Gi","expansion":{"startFrom":"2024-01-01","monthlyRate":"20Gi"}}},"containers":{"bitcoind":{"image":"docker.io/kylemanna/bitcoind","tag":"latest","source":"https://github.com/kylemanna/docker-bitcoind","endpoints":{"p2p":{"port":8333},"rpc":{"port":8332,"protocol":"HTTP JSON-RPC 2.0","authorization":{"type":"HttpBasic","username":{"$param":"rpc_user"},"password":{"$param":"rpc_password"}},"probes":{"readiness":{"method":"getblockchaininfo","params":[],"match":{"result":{"type":"object","properties":{"blocks":{"type":"number"}},"required":["blocks"]}}}}}},"resources":{"cpu":1,"memory":2048},"environment":{"DISABLEWALLET":"1","RPCUSER":{"$param":"rpc_user"},"RPCPASSWORD":{"$param":"rpc_password"}},"mounts":[{"volume":"data","mountPath":"/bitcoin/.bitcoin","subPath":"bitcoind"}]}}}",
                },
                {
                  "name": "CHAINFILE_PARAMS",
                  "valueFrom": {
                    "secretKeyRef": {
                      "key": "CHAINFILE_PARAMS",
                      "name": "bitcoin_mainnet.json-secret-c89840a1",
                      "optional": false,
                    },
                  },
                },
              ],
              "image": "ghcr.io/vetumorg/chainfile-agent:0.0.0",
              "livenessProbe": {
                "httpGet": {
                  "path": "/probes/liveness",
                  "port": "agent",
                },
              },
              "name": "agent",
              "ports": [
                {
                  "containerPort": 1569,
                  "name": "agent",
                },
              ],
              "readinessProbe": {
                "httpGet": {
                  "path": "/probes/readiness",
                  "port": "agent",
                },
              },
              "startupProbe": {
                "httpGet": {
                  "path": "/probes/startup",
                  "port": "agent",
                },
              },
            },
            {
              "env": [
                {
                  "name": "DISABLEWALLET",
                  "value": "1",
                },
                {
                  "name": "RPCUSER",
                  "valueFrom": {
                    "secretKeyRef": {
                      "key": "rpc_user",
                      "name": "bitcoin_mainnet.json-secret-c89840a1",
                      "optional": false,
                    },
                  },
                },
                {
                  "name": "RPCPASSWORD",
                  "valueFrom": {
                    "secretKeyRef": {
                      "key": "rpc_password",
                      "name": "bitcoin_mainnet.json-secret-c89840a1",
                      "optional": false,
                    },
                  },
                },
              ],
              "image": "docker.io/kylemanna/bitcoind:latest",
              "name": "bitcoind",
              "ports": [
                {
                  "containerPort": 8333,
                },
                {
                  "containerPort": 8332,
                },
              ],
              "resources": {
                "limits": {
                  "cpu": 1,
                  "memory": "2048Mi",
                },
              },
              "volumeMounts": [
                {
                  "mountPath": "/bitcoin/.bitcoin",
                  "name": "bitcoin_mainnet.json-pvc-data-c89840a1",
                  "subPath": "bitcoind",
                },
              ],
            },
          ],
          "hostAliases": [
            {
              "hostnames": [
                "bitcoind",
              ],
              "ip": "127.0.0.1",
            },
          ],
          "volumes": [],
        },
      },
      "volumeClaimTemplates": [
        {
          "metadata": {
            "name": "bitcoin_mainnet.json-pvc-data-c89840a1",
          },
          "spec": {
            "accessModes": [
              "ReadWriteOnce",
            ],
            "resources": {
              "requests": {
                "storage": "737280Mi",
              },
            },
          },
        },
      ],
    },
  },
]
`;
