// Jest Snapshot v1, https://goo.gl/fbAQLP

exports[`should synth 1`] = `
"# Generated by @chainfile/docker:0.0.0, do not edit manually.
# Version: 0.0.0
# Chainfile Name: Ganache
# Chainfile CAIP-2: eip155:1337

name: ganache
services:
  agent:
    container_name: agent-suffix
    image: ghcr.io/vetumorg/chainfile-agent:0.0.0
    ports:
      - '0:1569'
    environment:
      CHAINFILE_JSON: >-
        {"$$schema":"https://chainfile.org/schema.json","caip2":"eip155:1337","name":"Ganache","env":{"RPC_USER":{"type":"RandomBytes","length":16,"encoding":"hex"},"RPC_PASSWORD":{"type":"RandomBytes","length":16,"encoding":"hex"},"URL":{"type":"Value","value":"http://$\${RPC_USER}:$\${RPC_PASSWORD}@ganache:8554"}},"containers":{"ganache":{"image":"docker.io/trufflesuite/ganache@sha256:c62c58290c28e24b427f74c6f597ff696257bd2d8e8d517ce4cf46b29b304a3f","source":"https://github.com/trufflesuite/ganache","environment":{"RPCUSER":{"key":"RPC_USER"},"RPCPASSWORD":{"key":"RPC_PASSWORD"}},"resources":{"cpu":0.25,"memory":256},"endpoints":{"p2p":{"port":8555},"rpc":{"port":8545,"protocol":"HTTP
        JSON-RPC
        2.0","authorization":{"type":"HttpBasic","username":{"key":"RPC_USER"},"password":{"key":"RPC_PASSWORD"}},"probes":{"readiness":{"params":[],"method":"eth_blockNumber","match":{"result":{"type":"string"}}}}}},"volumes":{"persistent":{"paths":["/.ganache"],"size":{"initial":"1G","from":"2024-01-01","growth":"1G","rate":"yearly"}}}}}}
      CHAINFILE_ENVIRONMENT_RPC_USER: \${RPC_USER}
      CHAINFILE_ENVIRONMENT_RPC_PASSWORD: \${RPC_PASSWORD}
      CHAINFILE_ENVIRONMENT_URL: \${URL}
    volumes:
      - type: volume
        source: chainfile
        target: /var/chainfile
    networks:
      chainfile: {}
  ganache:
    container_name: ganache-suffix
    image: docker.io/trufflesuite/ganache@sha256:c62c58290c28e24b427f74c6f597ff696257bd2d8e8d517ce4cf46b29b304a3f
    environment:
      RPCUSER: \${RPC_USER}
      RPCPASSWORD: \${RPC_PASSWORD}
    ports:
      - '0:8555'
      - '0:8545'
    volumes:
      - type: volume
        source: chainfile
        target: /var/chainfile
      - type: volume
        target: /.ganache
    networks:
      chainfile: {}
networks:
  chainfile: {}
volumes:
  chainfile: {}
"
`;
